0 : 1.5
1 : 1.4166666666666665
2 : 1.4142156862745097
3 : 1.4142135623746899
4 : 1.414213562373095

Convergence after 4 iterations

1 : 1.5
2 : 1.25
3 : 1.375
4 : 1.3125
5 : 1.34375
6 : 1.359375
7 : 1.3671875
8 : 1.36328125
9 : 1.365234375
10 : 1.3642578125

p = 1.3642578125

1 : -0.875
2 : 6.732421875
3 : -469.72001200169325
4 : 102754555.18738511
5 : -1.0849338705317464e+24
6 : 1.277055591444378e+72
7 : -2.0827129085810253e+216

Result diverges

FAILURE after 8 iterations

1 : 0.7853981633974483
2 : 0.7395361335152383
3 : 0.7390851781060102
4 : 0.739085133215161

pnext = 0.7390851332151606
SUCCESS
